Bin (Leaf 'H') (Bin (Leaf 'e') (Bin (Leaf 'j') Empty))
