(InR (ParF{unParF='h'} :*: RecF{unRecF="ej"}),"hej")
